// Jest Snapshot v1, https://goo.gl/fbAQLP

exports[`Content renders correctly 1`] = `
<div
  className="content"
>
  <h1
    className="content__title"
  >
    test
  </h1>
  <div
    className="content__highlight-first-char"
  >
    T
  </div>
  <div
    className="meta"
  >
    <p
      className="meta__date"
    >
      Dec 22, 2020
    </p>
  </div>
  <div
    className="content__body"
    dangerouslySetInnerHTML={
      Object {
        "__html": "<p>test</p>",
      }
    }
  />
</div>
`;
