// Jest Snapshot v1, https://goo.gl/fbAQLP

exports[`Post renders correctly 1`] = `
<div
  className="post"
>
  <div
    className="post__content"
  >
    <div
      className="content"
    >
      <h1
        className="content__title"
      >
        test
      </h1>
      <div
        className="content__highlight-first-char"
      >
        T
      </div>
      <div
        className="meta"
      >
        <p
          className="meta__date"
        >
          Sep 1, 2016
        </p>
      </div>
      <div
        className="content__body"
        dangerouslySetInnerHTML={
          Object {
            "__html": "<p>test</p>",
          }
        }
      />
    </div>
  </div>
  <div
    className="post__footer"
  >
    <div
      className="tags"
    >
      <ul
        className="tags__list"
      >
        <li
          className="tags__list-item"
        >
          <a
            className="tags__list-item-link"
            href="/test_0"
          >
            test_0
          </a>
        </li>
        <li
          className="tags__list-item"
        >
          <a
            className="tags__list-item-link"
            href="/test_1"
          >
            test_1
          </a>
        </li>
      </ul>
    </div>
    <div
      className="share"
    >
      <h4
        className="share-title"
      >
        SHARE THIS POST
      </h4>
      <div
        className="share-buttons"
      >
        <button
          aria-label="facebook"
          className="react-share__ShareButton facebook"
          onClick={[Function]}
          style={Object {}}
        >
          Facebook
        </button>
        <button
          aria-label="twitter"
          className="react-share__ShareButton twitter"
          onClick={[Function]}
          style={Object {}}
        >
          Twitter
        </button>
        <button
          aria-label="linkedin"
          className="react-share__ShareButton linkedin"
          onClick={[Function]}
          style={Object {}}
        >
          LinkedIn
        </button>
        <button
          aria-label="reddit"
          className="react-share__ShareButton reddit"
          onClick={[Function]}
          style={Object {}}
        >
          Reddit
        </button>
      </div>
    </div>
  </div>
</div>
`;
